
> artwhickycharity@0.1.0 build
> next build

  Ôû▓ Next.js 14.2.35
  - Environments: .env
  - Experiments (use with caution):
    ┬À instrumentationHook

